old_corrected_beta	old_l95	old_u95
-63.6325	-82.9074	-44.3577
7.71649	-25.4349	40.8679
