old_corrected_beta	old_l95	old_u95
-0.707244	-1.00124	-0.413249
