old_corrected_beta	old_l95	old_u95
0.0136364	-0.0647622	0.0920349
