old_corrected_beta	old_l95	old_u95
0.21	0.170801	0.249199
-0.0988499	-0.138049	-0.0596506
0.0899953	0.0703957	0.109595
0.0988499	0.0596506	0.138049
0.0988499	0.0596506	0.138049
0.0798841	0.0602844	0.0994837
0.0334368	-0.14296	0.209834
-0.0798841	-0.0994837	-0.0602844
-0.0687103	-0.0883099	-0.0491106
-0.00585144	-0.0367209	0.025018
