old_corrected_beta	old_l95	old_u95
1.01817	0.523667	1.51267
2.8793	2.42557	3.33303
2.00019	1.42886	2.57152
-0.0911471	-0.543115	0.360821
1.64085	1.24945	2.03226
-0.910294	-1.35893	-0.461659
0.691145	0.200566	1.18172
0.0962519	-0.344348	0.536852
1.63195	1.17253	2.09136
-0.0849942	-0.495215	0.325226
