old_corrected_beta	old_l95	old_u95
0.604049	0.218746	0.989352
