old_corrected_beta	old_l95	old_u95
0.315843	0.196677	0.435009
0.20522	0.140933	0.269506
-0.0128514	-0.0689064	0.0432036
0.0285455	-0.0300574	0.0871484
0.316125	0.215579	0.416671
-0.159473	-0.21592	-0.103027
-0.0916887	-0.146372	-0.0370057
0.0581584	0.0365988	0.079718
0.182354	0.138451	0.226258
0.00408871	-0.0174709	0.0256483
0.0958683	0.058237	0.1335
0.0628129	0.0418412	0.0837845
-0.0543217	-0.0770573	-0.0315861
