old_corrected_beta	old_l95	old_u95
-2.85873	-4.52535	-1.19212
4.04932	1.2423	6.85635
2.76705	0.250303	5.2838
0.772961	-0.385541	1.93146
-0.457309	-1.52944	0.614827
0.312194	-0.892587	1.51698
0.336899	-1.05668	1.73048
0.279426	-0.939261	1.49811
0.274229	-1.04825	1.59671
-1.77102	-2.87266	-0.669381
