old_corrected_beta	old_l95	old_u95
0.37	0.311201	0.428799
-0.31	-0.368799	-0.251201
-0.238925	-0.297724	-0.180126
