old_corrected_beta	old_l95	old_u95
-0.00324265	-0.0189224	0.0124371
-0.00498417	-0.0245838	0.0146155
0.0189938	-0.000605877	0.0385934
