old_corrected_beta	old_l95	old_u95
-0.00779723	-0.0450365	0.0294421
-0.0803396	-0.119539	-0.0411404
