old_corrected_beta	old_l95	old_u95
-1.99952	-2.45031	-1.54873
-1.70999	-2.23919	-1.1808
1.55774	1.10695	2.00853
1.4433	0.600515	2.28608
1.13412	0.683327	1.58491
