old_corrected_beta	old_l95	old_u95
-6.55352	-8.50486	-4.60218
-9.0204	-12.447	-5.59379
3.2085	1.30009	5.11692
-0.820223	-2.28451	0.644067
-11.5313	-13.5042	-9.5584
1.47634	-0.0700728	3.02275
0.381161	-1.47453	2.23686
-0.343698	-1.99693	1.30953
0.39719	-1.24487	2.03925
