old_corrected_beta	old_l95	old_u95
0.159906	0.122667	0.197146
0.0857277	0.0524083	0.119047
0.0300525	0.00261298	0.057492
