old_corrected_beta	old_l95	old_u95
0.038895	0.0239505	0.0538395
0.0035141	-0.0117906	0.0188188
0.00375274	-0.0140818	0.0215873
0.0317668	0.00937812	0.0541555
0.00353895	-0.0140008	0.0210787
0.0218874	0.00580572	0.037969
0.00404548	-0.015404	0.023495
0.062994	0.048322	0.077666
