old_corrected_beta	old_l95	old_u95
0.227369	0.121531	0.333207
-0.178168	-0.329085	-0.027251
-0.0451698	-0.170607	0.0802679
-0.0437747	-0.192732	0.105183
-0.0380118	-0.206569	0.130545
-0.0241613	-0.126079	0.0777569
0.0332596	-0.113738	0.180257
-0.0388276	-0.219144	0.141489
0.0247739	-0.088904	0.138452
