old_corrected_beta	old_l95	old_u95
0.00143924	-0.00306868	0.00594715
-0.00676085	-0.0095048	-0.0040169
-0.00958764	-0.0160555	-0.00311976
0.000714985	-0.00222496	0.00365493
