old_corrected_beta	old_l95	old_u95
-0.0803396	-0.119539	-0.0411404
-0.0994194	-0.132739	-0.0661
-0.0983993	-0.129759	-0.0670398
-0.0615698	-0.0929292	-0.0302104
