old_corrected_beta	old_l95	old_u95
-0.132678	-0.175798	-0.0895593
0.235699	0.17102	0.300378
