old_corrected_beta	old_l95	old_u95
-0.121273	-0.154592	-0.0879536
