old_corrected_beta	old_l95	old_u95
0.45125	0.294453	0.608047
