old_corrected_beta	old_l95	old_u95
-0.218761	-0.316759	-0.120762
0.551142	0.296347	0.805937
0.0199921	-0.0780061	0.11799
0.0199921	-0.0780061	0.11799
0.0282811	-0.108916	0.165479
0.036259	-0.100938	0.173456
-0.0806659	-0.433459	0.272128
