old_corrected_beta	old_l95	old_u95
0.044171	0.0245714	0.0637707
0.044171	0.0245714	0.0637707
0.0124404	-0.0463585	0.0712394
0.044171	0.0245714	0.0637707
