old_corrected_beta	old_l95	old_u95
-0.296414	-1.66017	1.06734
0.206756	-0.657849	1.07136
0.154421	-0.578077	0.88692
0.201993	-0.703903	1.10789
-0.622988	-1.29606	0.0500823
-0.150794	-0.882609	0.581021
