old_corrected_beta	old_l95	old_u95
0.00483144	-0.0147682	0.0244311
-0.00552342	-0.029043	0.0179962
