old_corrected_beta	old_l95	old_u95
-0.0186168	-0.116615	0.0793814
0.161196	0.0631976	0.259194
-0.727892	-1.02189	-0.433898
0.260206	0.123008	0.397403
0.182627	0.104228	0.261025
0.241234	0.162835	0.319632
0.161196	0.0631976	0.259194
