old_corrected_beta	old_l95	old_u95
0.179	0.141761	0.216239
0.0332616	0.00582209	0.0607011
0.169998	0.130799	0.209197
0.0254215	-0.00789786	0.0587409
0.00891675	-0.0283226	0.0461561
0.192997	0.147917	0.238076
0.0456801	0.0123607	0.0789995
