old_corrected_beta	old_l95	old_u95
0.425953	0.278956	0.572951
0.473941	0.217186	0.730696
0.17418	0.0487422	0.299618
0.12184	-0.00947776	0.253157
-0.165808	-0.365724	0.0341088
-0.104578	-0.253536	0.0443788
-0.0550208	-0.266697	0.156655
0.0291258	-0.104152	0.162403
0.127508	0.0785087	0.176507
-0.0829278	-0.153486	-0.0123691
0.0366166	-0.0202223	0.0934556
-0.0160704	-0.0846691	0.0525284
0.0151596	-0.0475593	0.0778784
-0.0125902	-0.0615893	0.0364089
0.0297189	-0.0761192	0.135557
