old_corrected_beta	old_l95	old_u95
-0.0167492	-0.0924525	0.0589541
-0.0201871	-0.089141	0.0487668
-0.0158371	-0.0801537	0.0484795
0.256999	0.156278	0.35772
0.279505	0.175414	0.383596
-0.270879	-0.374854	-0.166903
0.186565	0.103928	0.269203
0.157022	0.0875587	0.226485
-0.0755492	-0.141259	-0.00983992
-0.262092	-0.36576	-0.158425
0.0975867	0.0225481	0.172625
-0.370949	-0.953672	0.211774
