old_corrected_beta	old_l95	old_u95
0.09634	0.0609863	0.131694
0.0349321	-0.00143295	0.0712971
0.00764069	-0.0279371	0.0432185
-0.0113858	-0.0652548	0.0424833
