old_corrected_beta	old_l95	old_u95
-0.0550388	-0.172637	0.062559
-0.036259	-0.173456	0.100938
0.0365722	-0.139825	0.212969
0.124974	0.026976	0.222972
