old_corrected_beta	old_l95	old_u95
-0.220527	-0.277758	-0.163296
-0.2604	-0.295875	-0.224925
