old_corrected_beta	old_l95	old_u95
-0.134931	-0.199345	-0.0705177
0.109537	0.0595034	0.15957
0.144357	0.0857428	0.20297
-0.0846449	-0.131145	-0.0381448
0.0822227	0.0373447	0.127101
