old_corrected_beta	old_l95	old_u95
-0.0651956	-0.37879	0.248399
-0.0273159	-0.144914	0.0902819
-0.190261	-0.28826	-0.0922631
0.0409739	-0.135423	0.217371
-0.0845658	-0.241363	0.0722313
