old_corrected_beta	old_l95	old_u95
-11.7195	-14.2282	-9.21071
5.29727	0.201366	10.3932
1.34238	-3.32234	6.00709
