old_corrected_beta	old_l95	old_u95
0.0679006	-0.265293	0.401095
0.0735158	-0.279278	0.426309
0.654055	0.281661	1.02645
0.108777	-0.302815	0.520369
0.12931	-0.478279	0.736899
0.150522	-0.574664	0.875709
0.116536	-0.451853	0.684926
0.173532	-0.355658	0.702723
1.0705	0.560913	1.58009
