old_corrected_beta	old_l95	old_u95
-0.02	-0.0239199	-0.01608
3.95463	2.90801	5.00125
0.0308005	0.0227647	0.0388364
