old_corrected_beta	old_l95	old_u95
0.0237944	-0.0742038	0.121793
0.0190355	-0.0593631	0.097434
-0.0169697	-0.0953682	0.0614289
